(agda2-status-action "")
(agda2-info-action "*Type-checking*" "" nil)
(agda2-highlight-clear)
(agda2-status-action "")
(agda2-info-action "*All Goals*" "?0 : Nat ?1 : Tree " nil)
((last . 1) . (agda2-goals-action '(0 1)))
((last . 2) . (agda2-make-case-action '("test₁ n | zero = ?" "test₁ n | suc x = ?")))
((last . 1) . (agda2-goals-action '(0 1)))
((last . 2) . (agda2-make-case-action '("test₂ n₁ | leaf = ?" "test₂ n₁ | node n n₂ = ?")))
((last . 1) . (agda2-goals-action '(0 1)))
